{
  "directory": "negative-cap1",
  "passed": true,
  "runs": [
    {
      "id": "quota-seed1-benchmark_rr",
      "terminal_outcomes": 20,
      "upstream_attempts": 17,
      "fixed_completed": 11,
      "outcomes": {
        "cancelled": 3,
        "completed": 17
      },
      "recorded_config_reconstruction": "pass",
      "observed_quota_accounting_roots": "pass",
      "lifecycle_config_fingerprint": "unavailable_in_benchmark_example"
    },
    {
      "id": "quota-seed1-benchmark_backfill",
      "terminal_outcomes": 20,
      "upstream_attempts": 17,
      "fixed_completed": 11,
      "outcomes": {
        "cancelled": 3,
        "completed": 17
      },
      "recorded_config_reconstruction": "pass",
      "observed_quota_accounting_roots": "pass",
      "lifecycle_config_fingerprint": "unavailable_in_benchmark_example"
    }
  ],
  "limitation": "Generated TOML/SHA and observed quota verified separately; no full runtime config attestation. No default-promotion evidence."
}
