{"event": "run_start", "seed": 2, "arm": "benchmark_rr"}
{"event": "run_done", "seed": 2, "arm": "benchmark_rr", "outcomes": {"completed": 17, "cancelled": 3}, "fixed_completed": 11}
{"event": "run_start", "seed": 2, "arm": "benchmark_backfill"}
{"event": "run_done", "seed": 2, "arm": "benchmark_backfill", "outcomes": {"completed": 17, "cancelled": 3}, "fixed_completed": 11}
{"event": "pair_done", "seed": 2, "fixed_completion_delta": 0}
{"event": "run_start", "seed": 3, "arm": "benchmark_backfill"}
{"event": "run_done", "seed": 3, "arm": "benchmark_backfill", "outcomes": {"completed": 17, "cancelled": 3}, "fixed_completed": 11}
{"event": "run_start", "seed": 3, "arm": "benchmark_rr"}
{"event": "run_done", "seed": 3, "arm": "benchmark_rr", "outcomes": {"completed": 17, "cancelled": 3}, "fixed_completed": 11}
{"event": "pair_done", "seed": 3, "fixed_completion_delta": 0}
{"event": "run_start", "seed": 4, "arm": "benchmark_rr"}
{"event": "run_done", "seed": 4, "arm": "benchmark_rr", "outcomes": {"completed": 17, "cancelled": 3}, "fixed_completed": 11}
{"event": "run_start", "seed": 4, "arm": "benchmark_backfill"}
{"event": "run_done", "seed": 4, "arm": "benchmark_backfill", "outcomes": {"completed": 17, "cancelled": 3}, "fixed_completed": 11}
{"event": "pair_done", "seed": 4, "fixed_completion_delta": 0}
{"event": "run_start", "seed": 5, "arm": "benchmark_backfill"}
{"event": "run_done", "seed": 5, "arm": "benchmark_backfill", "outcomes": {"completed": 17, "cancelled": 3}, "fixed_completed": 11}
{"event": "run_start", "seed": 5, "arm": "benchmark_rr"}
{"event": "run_done", "seed": 5, "arm": "benchmark_rr", "outcomes": {"completed": 17, "cancelled": 3}, "fixed_completed": 11}
{"event": "pair_done", "seed": 5, "fixed_completion_delta": 0}
{"event": "run_start", "seed": 6, "arm": "benchmark_rr"}
{"event": "run_done", "seed": 6, "arm": "benchmark_rr", "outcomes": {"completed": 17, "cancelled": 3}, "fixed_completed": 11}
{"event": "run_start", "seed": 6, "arm": "benchmark_backfill"}
{"event": "run_done", "seed": 6, "arm": "benchmark_backfill", "outcomes": {"completed": 17, "cancelled": 3}, "fixed_completed": 11}
{"event": "pair_done", "seed": 6, "fixed_completion_delta": 0}
