{
    "connected":  true,
    "platform":  "Microsoft Windows NT 10.0.19045.0",
    "owned_root_exists":  true,
    "rustc":  "rustc 1.88.0 (6b00bc388 2025-06-23)",
    "cargo":  "cargo 1.88.0 (873a06493 2025-05-10)",
    "gcc_exists":  true,
    "dlltool_exists":  true,
    "tar_exists":  true,
    "python":  [
                   {
                       "name":  "python",
                       "path":  "C:\\Users\\ryuwo\\AppData\\Local\\Microsoft\\WindowsApps\\python.exe"
                   },
                   {
                       "name":  "python3",
                       "path":  "C:\\Users\\ryuwo\\AppData\\Local\\Microsoft\\WindowsApps\\python3.exe"
                   },
                   {
                       "name":  "py",
                       "path":  "C:\\Windows\\py.exe"
                   }
               ],
    "owned_processes":  [

                        ],
    "previous_binary_sha256":  "2f9cb06e446d3deafae972c8629d88821be498e8c77a19a5986925e1bd96e5c8"
}
