{
    "stage":  "native-queued-cache-and-rejection-head",
    "platform":  "Microsoft Windows NT 10.0.19045.0",
    "source_sha256":  "7540fa494fdfd881f3b58c6526855cd96971aeee1f1d92e5ca322b260ccc669e",
    "source_files":  114,
    "verified_source_files":  114,
    "source_mtimes_refreshed":  true,
    "toolchain":  "1.88.0-x86_64-pc-windows-gnu",
    "build_jobs":  2,
    "probe_source_sha256":  "40697d0183060f2531cf37e5efe8d9d6061d7294b178d5488e88dbfa697adf92",
    "wrapper_sha256":  "492aebae3f78d0ed201ad8b3a1f6d4cbcf35694b91a77136040149f832e99b87",
    "tests_exit":  0,
    "tests_elapsed_seconds":  42.2863426,
    "new_regressions_confirmed":  true,
    "release_exit":  0,
    "release_elapsed_seconds":  36.2383799,
    "binary_sha256":  "2473279aea81b4ff16831574d53913f17e17ec7ce253e4a319a19449042d2708",
    "binary_bytes":  91152006,
    "probe_exit":  1,
    "probe_elapsed_seconds":  1.0400403
}
