
running 4 tests
test autostart::document_boundary_spec::adjacent_invalid_document_boundaries_are_refused ... adjacent invalid case: second_Task rejected
adjacent invalid case: second_paired_Other rejected
adjacent invalid case: leading_empty_Other rejected
adjacent invalid case: leading_paired_Other rejected
adjacent invalid case: leading_text rejected
adjacent invalid case: trailing_NBSP rejected
adjacent invalid case: leading_NBSP rejected
adjacent invalid case: trailing_vertical_tab rejected
adjacent invalid case: trailing_form_feed rejected
adjacent invalid case: outside_numeric_reference rejected
adjacent invalid case: outside_named_reference rejected
adjacent invalid case: declaration_after_whitespace rejected
adjacent invalid case: duplicate_declaration rejected
adjacent invalid case: declaration_after_root rejected
adjacent invalid case: nested_declaration rejected
adjacent invalid case: no_document_element rejected
adjacent invalid cases passed: 16
ok
test autostart::document_boundary_spec::original_second_non_task_root_is_rejected ... original case: extra empty non-Task root rejected
ok
test autostart::document_boundary_spec::original_trailing_nonwhitespace_is_rejected ... original case: trailing text rejected
ok
test autostart::document_boundary_spec::valid_xml_space_comments_and_declaration_controls_are_preserved ... valid control: generated accepted
valid control: without_declaration accepted
valid control: all_four_XML_spaces accepted
valid control: comments_no_declaration accepted
valid control: declaration_then_space_comment accepted
valid control: processing_instructions accepted
valid control: declaration_comments_PI accepted
valid controls passed: 7
ok

test result: ok. 4 passed; 0 failed; 0 ignored; 0 measured; 11 filtered out; finished in 0.00s

