{
  "binaries": {
    "production": "410645600d70a69e69d9558420ea1cda61bf127a878497a6b8a0e88b17ba342e",
    "benchmark": "38b24b2934448716c74bad2dceaa91492e1bbc168b351e1f61460b90572c5faa"
  },
  "pilot_sha256": "9e6cbbb57bfaac2149eb39efaf43169dbf8e47cf708075cf83b83716615854f6",
  "archives": {
    "product-task8-final-review-source.tar.gz": "b2a1813489d6f146b7b550994bfc57331622dca3cf379baf701e2ef71bc60f23",
    "product-task8-measured-source.tar.gz": "622225adc3c885d4a7a6ed659ca5b9e32604b1318fb5606354dd36b4ebdce075"
  },
  "task8_changed": [
    "product/Cargo.toml",
    "product/docs/benchmark-method.md",
    "product/docs/runtime-contract.md",
    "product/examples/bench_gateway.rs",
    "product/fixtures/workloads/burst.json",
    "product/fixtures/workloads/cancellation.json",
    "product/fixtures/workloads/mixed_lengths.json",
    "product/fixtures/workloads/shared_quota.json",
    "product/scripts/benchmark.py",
    "product/scripts/benchmark_http.py",
    "product/src/admission/mod.rs",
    "product/src/admission/queue.rs",
    "product/src/server.rs",
    "product/tests/benchmark_trace.rs"
  ],
  "post_measurement_changed": [
    "product/docs/benchmark-method.md",
    "product/scripts/benchmark.py"
  ],
  "git_absent": true
}
