usage: verify_native.py [-h] (--templates-only | --exercise-user-service)
                        --output OUTPUT [--binary BINARY] [--config CONFIG]
                        [--stage {install,manual-cycle,observe-login-on,remove,observe-login-off}]
                        [--execute] [--confirm-temporary-os-account]
                        [--human-login-at HUMAN_LOGIN_AT]
                        [--confirm-human-login-observed]

Bounded native autostart template checks and explicit manual acceptance
stages.

options:
  -h, --help            show this help message and exit
  --templates-only
  --exercise-user-service
  --output OUTPUT
  --binary BINARY
  --config CONFIG
  --stage {install,manual-cycle,observe-login-on,remove,observe-login-off}
  --execute
  --confirm-temporary-os-account
  --human-login-at HUMAN_LOGIN_AT
  --confirm-human-login-observed
                        attest that a human performed this login and did not
                        manually start the worker afterward
