REJECTED missing denominator
REJECTED duplicate attempts
REJECTED unknown attempt ingress
REJECTED pending attempt
REJECTED HTTP200 without payload
REJECTED duplicate terminal
validation checks PASS
PASS actual HTTP quota counts, matching costs, rolling expiration
REJECTED HTTP200 SSE without terminal marker
REJECTED truncated chunk trailer EOF without blocking loop
PASS post-window drain successes excluded from fixed-time goodput
completed_no_wait_only
PASS identical completed artifact resumes without launching an arm
REJECTED redirected completed artifact path
REJECTED duplicate completed artifact ID
REJECTED modified completed artifact on real resume path
REJECTED missing previously recorded completed artifact
REJECTED registered ID/phase/seed/arm mismatch even with matching SHA
REJECTED orphan on fresh output before writing manifest or launching
REJECTED later orphan before any earlier missing arm launches
REJECTED later incomplete journal before any new arm
self-check PASS
