    Updating crates.io index
     Locking 3 packages to latest Rust 1.88 compatible versions
      Adding fs4 v1.1.0
      Adding linux-raw-sys v0.12.1
      Adding rustix v1.1.4
 Downloading crates ...
  Downloaded schannel v0.1.29
  Downloaded wasi v0.11.1+wasi-snapshot-preview1
  Downloaded windows-link v0.2.1
  Downloaded jni-sys-macros v0.4.1
  Downloaded rustc_version v0.4.1
  Downloaded same-file v1.0.6
  Downloaded rustversion v1.0.23
  Downloaded wasm-bindgen-macro v0.2.128
  Downloaded once_cell_polyfill v1.70.2
  Downloaded anstyle-wincon v3.0.11
  Downloaded openssl-probe v0.2.1
  Downloaded wasm-bindgen-shared v0.2.128
  Downloaded jni-sys v0.4.1
  Downloaded rustls-platform-verifier-android v0.1.1
  Downloaded wasm-bindgen-futures v0.4.78
  Downloaded simdutf8 v0.1.5
  Downloaded walkdir v2.5.0
  Downloaded rustls-native-certs v0.8.4
  Downloaded web-time v1.1.0
  Downloaded winapi-util v0.1.11
  Downloaded windows-targets v0.52.6
  Downloaded semver v1.0.28
  Downloaded fs4 v1.1.0
  Downloaded jni-macros v0.22.4
  Downloaded wasm-streams v0.5.0
  Downloaded r-efi v6.0.0
  Downloaded wasm-bindgen v0.2.128
  Downloaded js-sys v0.3.105
  Downloaded bumpalo v3.20.3
  Downloaded combine v4.6.8
  Downloaded webpki-root-certs v1.0.9
  Downloaded wasm-bindgen-macro-support v0.2.128
  Downloaded jni v0.22.4
  Downloaded simd_cesu8 v1.2.0
  Downloaded windows_aarch64_gnullvm v0.52.6
  Downloaded windows_x86_64_gnullvm v0.52.6
  Downloaded windows_i686_gnullvm v0.52.6
  Downloaded web-sys v0.3.105
  Downloaded windows_x86_64_msvc v0.52.6
  Downloaded windows_aarch64_msvc v0.52.6
  Downloaded windows_i686_msvc v0.52.6
  Downloaded windows_i686_gnu v0.52.6
  Downloaded windows_x86_64_gnu v0.52.6
  Downloaded windows-sys v0.61.2
  Downloaded windows-sys v0.52.0
  Downloaded linux-raw-sys v0.12.1
