duplicate_json_high pair=1 arm=baseline passed=True outcomes={'completed': 10}
duplicate_json_high pair=1 arm=candidate passed=True outcomes={'completed': 10}
duplicate_json_rpm1 pair=1 arm=baseline passed=True outcomes={'timeout': 9, 'completed': 1}
duplicate_json_rpm1 pair=1 arm=candidate passed=True outcomes={'completed': 10}
duplicate_sse_high pair=1 arm=baseline passed=True outcomes={'completed': 10}
duplicate_sse_high pair=1 arm=candidate passed=True outcomes={'completed': 10}
duplicate_sse_rpm1 pair=1 arm=baseline passed=True outcomes={'timeout': 9, 'completed': 1}
duplicate_sse_rpm1 pair=1 arm=candidate passed=True outcomes={'completed': 10}
distinct_json pair=1 arm=baseline passed=True outcomes={'completed': 10}
distinct_json pair=1 arm=candidate passed=True outcomes={'completed': 10}
disabled_json pair=1 arm=baseline passed=True outcomes={'completed': 10}
disabled_json pair=1 arm=candidate passed=True outcomes={'completed': 10}
duplicate_json_cap3 pair=1 arm=baseline passed=True outcomes={'completed': 10}
duplicate_json_cap3 pair=1 arm=candidate passed=True outcomes={'completed': 10}
duplicate_sse_cap3 pair=1 arm=baseline passed=True outcomes={'completed': 10}
duplicate_sse_cap3 pair=1 arm=candidate passed=True outcomes={'completed': 10}
duplicate_json_high pair=2 arm=candidate passed=True outcomes={'completed': 10}
duplicate_json_high pair=2 arm=baseline passed=True outcomes={'completed': 10}
duplicate_json_rpm1 pair=2 arm=candidate passed=True outcomes={'completed': 10}
duplicate_json_rpm1 pair=2 arm=baseline passed=True outcomes={'timeout': 9, 'completed': 1}
duplicate_sse_high pair=2 arm=candidate passed=True outcomes={'completed': 10}
duplicate_sse_high pair=2 arm=baseline passed=True outcomes={'completed': 10}
duplicate_sse_rpm1 pair=2 arm=candidate passed=True outcomes={'completed': 10}
duplicate_sse_rpm1 pair=2 arm=baseline passed=True outcomes={'timeout': 9, 'completed': 1}
distinct_json pair=2 arm=candidate passed=True outcomes={'completed': 10}
distinct_json pair=2 arm=baseline passed=True outcomes={'completed': 10}
disabled_json pair=2 arm=candidate passed=True outcomes={'completed': 10}
disabled_json pair=2 arm=baseline passed=True outcomes={'completed': 10}
duplicate_json_cap3 pair=2 arm=candidate passed=True outcomes={'completed': 10}
duplicate_json_cap3 pair=2 arm=baseline passed=True outcomes={'completed': 10}
duplicate_sse_cap3 pair=2 arm=candidate passed=True outcomes={'completed': 10}
duplicate_sse_cap3 pair=2 arm=baseline passed=True outcomes={'completed': 10}
duplicate_json_high pair=3 arm=baseline passed=True outcomes={'completed': 10}
duplicate_json_high pair=3 arm=candidate passed=True outcomes={'completed': 10}
duplicate_json_rpm1 pair=3 arm=baseline passed=True outcomes={'timeout': 9, 'completed': 1}
duplicate_json_rpm1 pair=3 arm=candidate passed=True outcomes={'completed': 10}
duplicate_sse_high pair=3 arm=baseline passed=True outcomes={'completed': 10}
duplicate_sse_high pair=3 arm=candidate passed=True outcomes={'completed': 10}
duplicate_sse_rpm1 pair=3 arm=baseline passed=True outcomes={'completed': 1, 'timeout': 9}
duplicate_sse_rpm1 pair=3 arm=candidate passed=True outcomes={'completed': 10}
distinct_json pair=3 arm=baseline passed=True outcomes={'completed': 10}
distinct_json pair=3 arm=candidate passed=True outcomes={'completed': 10}
disabled_json pair=3 arm=baseline passed=True outcomes={'completed': 10}
disabled_json pair=3 arm=candidate passed=True outcomes={'completed': 10}
duplicate_json_cap3 pair=3 arm=baseline passed=True outcomes={'completed': 10}
duplicate_json_cap3 pair=3 arm=candidate passed=True outcomes={'completed': 10}
duplicate_sse_cap3 pair=3 arm=baseline passed=True outcomes={'completed': 10}
duplicate_sse_cap3 pair=3 arm=candidate passed=True outcomes={'completed': 10}
duplicate_json_high pair=4 arm=candidate passed=True outcomes={'completed': 10}
duplicate_json_high pair=4 arm=baseline passed=True outcomes={'completed': 10}
duplicate_json_rpm1 pair=4 arm=candidate passed=True outcomes={'completed': 10}
duplicate_json_rpm1 pair=4 arm=baseline passed=True outcomes={'completed': 1, 'timeout': 9}
duplicate_sse_high pair=4 arm=candidate passed=True outcomes={'completed': 10}
duplicate_sse_high pair=4 arm=baseline passed=True outcomes={'completed': 10}
duplicate_sse_rpm1 pair=4 arm=candidate passed=True outcomes={'completed': 10}
duplicate_sse_rpm1 pair=4 arm=baseline passed=True outcomes={'timeout': 9, 'completed': 1}
distinct_json pair=4 arm=candidate passed=True outcomes={'completed': 10}
distinct_json pair=4 arm=baseline passed=True outcomes={'completed': 10}
disabled_json pair=4 arm=candidate passed=True outcomes={'completed': 10}
disabled_json pair=4 arm=baseline passed=True outcomes={'completed': 10}
duplicate_json_cap3 pair=4 arm=candidate passed=True outcomes={'completed': 10}
duplicate_json_cap3 pair=4 arm=baseline passed=True outcomes={'completed': 10}
duplicate_sse_cap3 pair=4 arm=candidate passed=True outcomes={'completed': 10}
duplicate_sse_cap3 pair=4 arm=baseline passed=True outcomes={'completed': 10}
duplicate_json_high pair=5 arm=baseline passed=True outcomes={'completed': 10}
duplicate_json_high pair=5 arm=candidate passed=True outcomes={'completed': 10}
duplicate_json_rpm1 pair=5 arm=baseline passed=True outcomes={'timeout': 9, 'completed': 1}
duplicate_json_rpm1 pair=5 arm=candidate passed=True outcomes={'completed': 10}
duplicate_sse_high pair=5 arm=baseline passed=True outcomes={'completed': 10}
duplicate_sse_high pair=5 arm=candidate passed=True outcomes={'completed': 10}
duplicate_sse_rpm1 pair=5 arm=baseline passed=True outcomes={'timeout': 9, 'completed': 1}
duplicate_sse_rpm1 pair=5 arm=candidate passed=True outcomes={'completed': 10}
distinct_json pair=5 arm=baseline passed=True outcomes={'completed': 10}
distinct_json pair=5 arm=candidate passed=True outcomes={'completed': 10}
disabled_json pair=5 arm=baseline passed=True outcomes={'completed': 10}
disabled_json pair=5 arm=candidate passed=True outcomes={'completed': 10}
duplicate_json_cap3 pair=5 arm=baseline passed=True outcomes={'completed': 10}
duplicate_json_cap3 pair=5 arm=candidate passed=True outcomes={'completed': 10}
duplicate_sse_cap3 pair=5 arm=baseline passed=True outcomes={'completed': 10}
duplicate_sse_cap3 pair=5 arm=candidate passed=True outcomes={'completed': 10}
