x86_64-pc-windows-msvc	Install exact Windows archive and exercise installed binary	﻿2026-09-16T07:57:18.2515313Z ##[group]Run & ./product/packaging/install.ps1 -Archive "$PWD/dist/llmgw-windows-x64.zip" -ChecksumManifest "$PWD/dist/llmgw-windows-x64.zip.sha256" -InstallDir "$PWD/native-installed" -PathAction None
x86_64-pc-windows-msvc	Install exact Windows archive and exercise installed binary	2026-09-16T07:57:18.2516930Z ^[[36;1m& ./product/packaging/install.ps1 -Archive "$PWD/dist/llmgw-windows-x64.zip" -ChecksumManifest "$PWD/dist/llmgw-windows-x64.zip.sha256" -InstallDir "$PWD/native-installed" -PathAction None^[[0m
x86_64-pc-windows-msvc	Install exact Windows archive and exercise installed binary	2026-09-16T07:57:18.2518248Z ^[[36;1mif ((Get-FileHash native-installed/llmgw.exe).Hash -ne (Get-FileHash native-target/x86_64-pc-windows-msvc/release/llmgw.exe).Hash) { throw 'installed_binary_mismatch' }^[[0m
x86_64-pc-windows-msvc	Install exact Windows archive and exercise installed binary	2026-09-16T07:57:18.2519458Z ^[[36;1mpython product/scripts/verify_windows.py --binary native-installed/llmgw.exe --work "$env:RUNNER_TEMP/native-acceptance" --output dist/native-acceptance.json^[[0m
x86_64-pc-windows-msvc	Install exact Windows archive and exercise installed binary	2026-09-16T07:57:18.2520285Z ^[[36;1mif ($LASTEXITCODE -ne 0) { throw 'native_acceptance_failed' }^[[0m
x86_64-pc-windows-msvc	Install exact Windows archive and exercise installed binary	2026-09-16T07:57:18.2520962Z ^[[36;1m$vs = & "${env:ProgramFiles(x86)}/Microsoft Visual Studio/Installer/vswhere.exe" -latest -products '*' -property installationPath^[[0m
x86_64-pc-windows-msvc	Install exact Windows archive and exercise installed binary	2026-09-16T07:57:18.2521884Z ^[[36;1m$dumpbin = Get-ChildItem "$vs/VC/Tools/MSVC/*/bin/Hostx64/x64/dumpbin.exe" | Sort-Object FullName | Select-Object -Last 1^[[0m
x86_64-pc-windows-msvc	Install exact Windows archive and exercise installed binary	2026-09-16T07:57:18.2522548Z ^[[36;1m$imports = & $dumpbin.FullName /DEPENDENTS native-installed/llmgw.exe^[[0m
x86_64-pc-windows-msvc	Install exact Windows archive and exercise installed binary	2026-09-16T07:57:18.2523023Z ^[[36;1mif ($LASTEXITCODE -ne 0) { throw 'dependency_inspection_failed' }^[[0m
x86_64-pc-windows-msvc	Install exact Windows archive and exercise installed binary	2026-09-16T07:57:18.2523465Z ^[[36;1m$imports | Set-Content dist/windows-dependencies.txt^[[0m
x86_64-pc-windows-msvc	Install exact Windows archive and exercise installed binary	2026-09-16T07:57:18.2524130Z ^[[36;1mif (($imports -join "`n") -match '(?i)(vcruntime|msvcp|libgcc|libstdc\+\+|libwinpthread)[^\s]*\.dll') { throw 'non_system_runtime_dependency' }^[[0m
x86_64-pc-windows-msvc	Install exact Windows archive and exercise installed binary	2026-09-16T07:57:18.2581960Z shell: C:\Program Files\PowerShell\7\pwsh.EXE -command ". '{0}'"
x86_64-pc-windows-msvc	Install exact Windows archive and exercise installed binary	2026-09-16T07:57:18.2582319Z env:
x86_64-pc-windows-msvc	Install exact Windows archive and exercise installed binary	2026-09-16T07:57:18.2582498Z   CARGO_INCREMENTAL: 0
x86_64-pc-windows-msvc	Install exact Windows archive and exercise installed binary	2026-09-16T07:57:18.2582704Z   CARGO_BUILD_JOBS: 2
x86_64-pc-windows-msvc	Install exact Windows archive and exercise installed binary	2026-09-16T07:57:18.2582960Z   CARGO_TARGET_DIR: D:\a\deskquota\deskquota/native-target
x86_64-pc-windows-msvc	Install exact Windows archive and exercise installed binary	2026-09-16T07:57:18.2583308Z   RUSTFLAGS: -C target-feature=+crt-static
x86_64-pc-windows-msvc	Install exact Windows archive and exercise installed binary	2026-09-16T07:57:18.2583563Z ##[endgroup]
x86_64-pc-windows-msvc	Install exact Windows archive and exercise installed binary	2026-09-16T07:57:18.9008824Z Installed verified llmgw at D:\a\deskquota\deskquota\native-installed\llmgw.exe
x86_64-pc-windows-msvc	Install exact Windows archive and exercise installed binary	2026-09-16T07:57:57.0500129Z Traceback (most recent call last):
x86_64-pc-windows-msvc	Install exact Windows archive and exercise installed binary	2026-09-16T07:57:57.0500936Z   File "D:\a\deskquota\deskquota\product\scripts\verify_windows.py", line 228, in <module>
x86_64-pc-windows-msvc	Install exact Windows archive and exercise installed binary	2026-09-16T07:57:57.0503465Z     result = verify(args.binary.resolve(), args.work.resolve(), Path(__file__).resolve().parents[1])
x86_64-pc-windows-msvc	Install exact Windows archive and exercise installed binary	2026-09-16T07:57:57.0594816Z              ^^^^^^^^^^^^^^^^^^^^^^^^^^^^^^^^^^^^^^^^^^^^^^^^^^^^^^^^^^^^^^^^^^^^^^^^^^^^^^^^^^^^^^^
x86_64-pc-windows-msvc	Install exact Windows archive and exercise installed binary	2026-09-16T07:57:57.0595632Z   File "D:\a\deskquota\deskquota\product\scripts\verify_windows.py", line 156, in verify
x86_64-pc-windows-msvc	Install exact Windows archive and exercise installed binary	2026-09-16T07:57:57.0597986Z     before = resources(pid, env)
x86_64-pc-windows-msvc	Install exact Windows archive and exercise installed binary	2026-09-16T07:57:57.0598557Z              ^^^^^^^^^^^^^^^^^^^
x86_64-pc-windows-msvc	Install exact Windows archive and exercise installed binary	2026-09-16T07:57:57.0599355Z   File "D:\a\deskquota\deskquota\product\scripts\verify_windows.py", line 51, in resources
x86_64-pc-windows-msvc	Install exact Windows archive and exercise installed binary	2026-09-16T07:57:57.0601529Z     return json.loads(run([powershell, "-NoProfile", "-NonInteractive", "-Command", code], env=env).stdout)
x86_64-pc-windows-msvc	Install exact Windows archive and exercise installed binary	2026-09-16T07:57:57.0602485Z                       ^^^^^^^^^^^^^^^^^^^^^^^^^^^^^^^^^^^^^^^^^^^^^^^^^^^^^^^^^^^^^^^^^^^^^^^^^^^^^
x86_64-pc-windows-msvc	Install exact Windows archive and exercise installed binary	2026-09-16T07:57:57.0606098Z   File "D:\a\deskquota\deskquota\product\scripts\verify_windows.py", line 27, in run
x86_64-pc-windows-msvc	Install exact Windows archive and exercise installed binary	2026-09-16T07:57:57.0607044Z     result = subprocess.run([str(v) for v in argv], env=env, capture_output=True,
x86_64-pc-windows-msvc	Install exact Windows archive and exercise installed binary	2026-09-16T07:57:57.0607569Z              ^^^^^^^^^^^^^^^^^^^^^^^^^^^^^^^^^^^^^^^^^^^^^^^^^^^^^^^^^^^^^^^^^^^^
x86_64-pc-windows-msvc	Install exact Windows archive and exercise installed binary	2026-09-16T07:57:57.0608140Z   File "C:\hostedtoolcache\windows\Python\3.12.10\x64\Lib\subprocess.py", line 550, in run
x86_64-pc-windows-msvc	Install exact Windows archive and exercise installed binary	2026-09-16T07:57:57.0711820Z     stdout, stderr = process.communicate(input, timeout=timeout)
x86_64-pc-windows-msvc	Install exact Windows archive and exercise installed binary	2026-09-16T07:57:57.0712596Z                      ^^^^^^^^^^^^^^^^^^^^^^^^^^^^^^^^^^^^^^^^^^^
x86_64-pc-windows-msvc	Install exact Windows archive and exercise installed binary	2026-09-16T07:57:57.0713326Z   File "C:\hostedtoolcache\windows\Python\3.12.10\x64\Lib\subprocess.py", line 1209, in communicate
x86_64-pc-windows-msvc	Install exact Windows archive and exercise installed binary	2026-09-16T07:57:57.0725196Z     stdout, stderr = self._communicate(input, endtime, timeout)
x86_64-pc-windows-msvc	Install exact Windows archive and exercise installed binary	2026-09-16T07:57:57.0725862Z                      ^^^^^^^^^^^^^^^^^^^^^^^^^^^^^^^^^^^^^^^^^^
x86_64-pc-windows-msvc	Install exact Windows archive and exercise installed binary	2026-09-16T07:57:57.0726484Z   File "C:\hostedtoolcache\windows\Python\3.12.10\x64\Lib\subprocess.py", line 1630, in _communicate
x86_64-pc-windows-msvc	Install exact Windows archive and exercise installed binary	2026-09-16T07:57:57.0735314Z     raise TimeoutExpired(self.args, orig_timeout)
x86_64-pc-windows-msvc	Install exact Windows archive and exercise installed binary	2026-09-16T07:57:57.0737683Z subprocess.TimeoutExpired: Command '['C:\\Windows\\System32\\WindowsPowerShell\\v1.0\\powershell.exe', '-NoProfile', '-NonInteractive', '-Command', '$p=Get-Process -Id 2568; @{cpu_seconds=$p.TotalProcessorTime.TotalSeconds;working_set_bytes=$p.WorkingSet64;private_bytes=$p.PrivateMemorySize64;handles=$p.HandleCount;threads=$p.Threads.Count} | ConvertTo-Json -Compress']' timed out after 30 seconds
x86_64-pc-windows-msvc	Install exact Windows archive and exercise installed binary	2026-09-16T07:57:57.2568544Z ^[[31;1mException: ^[[0mD:\a\_temp\37691cb4-7280-4e04-a1b7-fe6f720a7987.ps1:5^[[0m
x86_64-pc-windows-msvc	Install exact Windows archive and exercise installed binary	2026-09-16T07:57:57.2569572Z ^[[31;1m^[[0m^[[36;1mLine |^[[0m
x86_64-pc-windows-msvc	Install exact Windows archive and exercise installed binary	2026-09-16T07:57:57.2570366Z ^[[31;1m^[[0m^[[36;1m^[[36;1m   5 | ^[[0m if ($LASTEXITCODE -ne 0) { ^[[36;1mthrow 'native_acceptance_failed'^[[0m }^[[0m
x86_64-pc-windows-msvc	Install exact Windows archive and exercise installed binary	2026-09-16T07:57:57.2571414Z ^[[31;1m^[[0m^[[36;1m^[[36;1m^[[0m^[[36;1m^[[0m^[[36;1m     | ^[[31;1m                            ~~~~~~~~~~~~~~~~~~~~~~~~~~~~~~~~^[[0m
x86_64-pc-windows-msvc	Install exact Windows archive and exercise installed binary	2026-09-16T07:57:57.2572359Z ^[[31;1m^[[0m^[[36;1m^[[36;1m^[[0m^[[36;1m^[[0m^[[36;1m^[[31;1m^[[31;1m^[[36;1m     | ^[[31;1mnative_acceptance_failed^[[0m
x86_64-pc-windows-msvc	Install exact Windows archive and exercise installed binary	2026-09-16T07:57:57.2760504Z ##[error]Process completed with exit code 1.
