[
  {
    "case": "unchanged_control",
    "accepted": true,
    "delta": 0
  },
  {
    "case": "runtime_accounting_mismatch",
    "accepted": true,
    "delta": 0
  },
  {
    "case": "runtime_fingerprint_mismatch",
    "accepted": true,
    "delta": 0
  },
  {
    "case": "reserved_run_relabelled_actual",
    "accepted": true,
    "delta": 0
  },
  {
    "case": "nonfinite_terminal_nan",
    "accepted": true,
    "delta": -1
  },
  {
    "case": "equal_float_usage_control",
    "accepted": false,
    "error": "ValueError: completed generation usage must contain u64 integers"
  },
  {
    "case": "false_cutoff_flag_control",
    "accepted": false,
    "error": "ValueError: within_measurement flag disagrees with cutoff"
  }
]
