test_changed_mode_schedule_seeds_or_windows_reject_before_spawn (test_benchmark_accounting.AccountingCliBoundaryTests.test_changed_mode_schedule_seeds_or_windows_reject_before_spawn) ... START quota-seed1-production_rr
END quota-seed1-production_rr {"submitted": 100, "within_measurement_terminal": {"completed": 100}, "within_measurement_completed": 100, "post_measurement_drain_outcomes": {}, "outcomes": {"completed": 100}, "completion_ms_success_only": {"n": 100, "p50": 1, "p95": 1, "p99": 1, "max": 1}, "terminal_ms_all_outcomes": {"n": 100, "p50": 1, "p95": 1, "p99": 1, "max": 1}, "first_output_delta_ms_success_only": {"n": 0, "p50": null, "p95": null, "p99": null, "max": null}, "send_to_mock_receive_ms_mixed_ingress_queue_network": {"n": 0, "p50": null, "p95": null, "p99": null, "max": null}, "scheduling_lag_ms": {"n": 100, "p50": 0, "p95": 0, "p99": 0, "max": 0}}
START quota-seed1-production_actual
END quota-seed1-production_actual {"submitted": 100, "within_measurement_terminal": {"completed": 100}, "within_measurement_completed": 100, "post_measurement_drain_outcomes": {}, "outcomes": {"completed": 100}, "completion_ms_success_only": {"n": 100, "p50": 1, "p95": 1, "p99": 1, "max": 1}, "terminal_ms_all_outcomes": {"n": 100, "p50": 1, "p95": 1, "p99": 1, "max": 1}, "first_output_delta_ms_success_only": {"n": 0, "p50": null, "p95": null, "p99": null, "max": null}, "send_to_mock_receive_ms_mixed_ingress_queue_network": {"n": 0, "p50": null, "p95": null, "p99": null, "max": null}, "scheduling_lag_ms": {"n": 100, "p50": 0, "p95": 0, "p99": 0, "max": 0}}
accounting_pilot_completed
ok
test_forged_accounting_or_snapshot_rejects_before_next_spawn (test_benchmark_accounting.AccountingCliBoundaryTests.test_forged_accounting_or_snapshot_rejects_before_next_spawn) ... START quota-seed1-production_rr
END quota-seed1-production_rr {"submitted": 100, "within_measurement_terminal": {"completed": 100}, "within_measurement_completed": 100, "post_measurement_drain_outcomes": {}, "outcomes": {"completed": 100}, "completion_ms_success_only": {"n": 100, "p50": 1, "p95": 1, "p99": 1, "max": 1}, "terminal_ms_all_outcomes": {"n": 100, "p50": 1, "p95": 1, "p99": 1, "max": 1}, "first_output_delta_ms_success_only": {"n": 0, "p50": null, "p95": null, "p99": null, "max": null}, "send_to_mock_receive_ms_mixed_ingress_queue_network": {"n": 0, "p50": null, "p95": null, "p99": null, "max": null}, "scheduling_lag_ms": {"n": 100, "p50": 0, "p95": 0, "p99": 0, "max": 0}}
START quota-seed1-production_actual
END quota-seed1-production_actual {"submitted": 100, "within_measurement_terminal": {"completed": 100}, "within_measurement_completed": 100, "post_measurement_drain_outcomes": {}, "outcomes": {"completed": 100}, "completion_ms_success_only": {"n": 100, "p50": 1, "p95": 1, "p99": 1, "max": 1}, "terminal_ms_all_outcomes": {"n": 100, "p50": 1, "p95": 1, "p99": 1, "max": 1}, "first_output_delta_ms_success_only": {"n": 0, "p50": null, "p95": null, "p99": null, "max": null}, "send_to_mock_receive_ms_mixed_ingress_queue_network": {"n": 0, "p50": null, "p95": null, "p99": null, "max": null}, "scheduling_lag_ms": {"n": 100, "p50": 0, "p95": 0, "p99": 0, "max": 0}}
accounting_pilot_completed
ok
test_invalid_mode_combinations_reject_before_output_creation (test_benchmark_accounting.AccountingCliBoundaryTests.test_invalid_mode_combinations_reject_before_output_creation) ... ok
test_pilot_records_full_schedule_then_resume_reuses_pair (test_benchmark_accounting.AccountingCliBoundaryTests.test_pilot_records_full_schedule_then_resume_reuses_pair) ... START quota-seed1-production_rr
END quota-seed1-production_rr {"submitted": 100, "within_measurement_terminal": {"completed": 100}, "within_measurement_completed": 100, "post_measurement_drain_outcomes": {}, "outcomes": {"completed": 100}, "completion_ms_success_only": {"n": 100, "p50": 1, "p95": 1, "p99": 1, "max": 1}, "terminal_ms_all_outcomes": {"n": 100, "p50": 1, "p95": 1, "p99": 1, "max": 1}, "first_output_delta_ms_success_only": {"n": 0, "p50": null, "p95": null, "p99": null, "max": null}, "send_to_mock_receive_ms_mixed_ingress_queue_network": {"n": 0, "p50": null, "p95": null, "p99": null, "max": null}, "scheduling_lag_ms": {"n": 100, "p50": 0, "p95": 0, "p99": 0, "max": 0}}
START quota-seed1-production_actual
END quota-seed1-production_actual {"submitted": 100, "within_measurement_terminal": {"completed": 100}, "within_measurement_completed": 100, "post_measurement_drain_outcomes": {}, "outcomes": {"completed": 100}, "completion_ms_success_only": {"n": 100, "p50": 1, "p95": 1, "p99": 1, "max": 1}, "terminal_ms_all_outcomes": {"n": 100, "p50": 1, "p95": 1, "p99": 1, "max": 1}, "first_output_delta_ms_success_only": {"n": 0, "p50": null, "p95": null, "p99": null, "max": null}, "send_to_mock_receive_ms_mixed_ingress_queue_network": {"n": 0, "p50": null, "p95": null, "p99": null, "max": null}, "scheduling_lag_ms": {"n": 100, "p50": 0, "p95": 0, "p99": 0, "max": 0}}
accounting_pilot_completed
START quota-seed2-production_actual
END quota-seed2-production_actual {"submitted": 100, "within_measurement_terminal": {"completed": 100}, "within_measurement_completed": 100, "post_measurement_drain_outcomes": {}, "outcomes": {"completed": 100}, "completion_ms_success_only": {"n": 100, "p50": 1, "p95": 1, "p99": 1, "max": 1}, "terminal_ms_all_outcomes": {"n": 100, "p50": 1, "p95": 1, "p99": 1, "max": 1}, "first_output_delta_ms_success_only": {"n": 0, "p50": null, "p95": null, "p99": null, "max": null}, "send_to_mock_receive_ms_mixed_ingress_queue_network": {"n": 0, "p50": null, "p95": null, "p99": null, "max": null}, "scheduling_lag_ms": {"n": 100, "p50": 0, "p95": 0, "p99": 0, "max": 0}}
START quota-seed2-production_rr
END quota-seed2-production_rr {"submitted": 100, "within_measurement_terminal": {"completed": 100}, "within_measurement_completed": 100, "post_measurement_drain_outcomes": {}, "outcomes": {"completed": 100}, "completion_ms_success_only": {"n": 100, "p50": 1, "p95": 1, "p99": 1, "max": 1}, "terminal_ms_all_outcomes": {"n": 100, "p50": 1, "p95": 1, "p99": 1, "max": 1}, "first_output_delta_ms_success_only": {"n": 0, "p50": null, "p95": null, "p99": null, "max": null}, "send_to_mock_receive_ms_mixed_ingress_queue_network": {"n": 0, "p50": null, "p95": null, "p99": null, "max": null}, "scheduling_lag_ms": {"n": 100, "p50": 0, "p95": 0, "p99": 0, "max": 0}}
completed_accounting_matrix
ok
test_second_arm_failure_never_marks_pilot_complete (test_benchmark_accounting.AccountingCliBoundaryTests.test_second_arm_failure_never_marks_pilot_complete) ... START quota-seed1-production_rr
END quota-seed1-production_rr {"submitted": 100, "within_measurement_terminal": {"completed": 100}, "within_measurement_completed": 100, "post_measurement_drain_outcomes": {}, "outcomes": {"completed": 100}, "completion_ms_success_only": {"n": 100, "p50": 1, "p95": 1, "p99": 1, "max": 1}, "terminal_ms_all_outcomes": {"n": 100, "p50": 1, "p95": 1, "p99": 1, "max": 1}, "first_output_delta_ms_success_only": {"n": 0, "p50": null, "p95": null, "p99": null, "max": null}, "send_to_mock_receive_ms_mixed_ingress_queue_network": {"n": 0, "p50": null, "p95": null, "p99": null, "max": null}, "scheduling_lag_ms": {"n": 100, "p50": 0, "p95": 0, "p99": 0, "max": 0}}
START quota-seed1-production_actual
ok
test_accounting_identity_has_no_benchmark_binary (test_benchmark_accounting.AccountingRulesTests.test_accounting_identity_has_no_benchmark_binary) ... ok
test_actual_config_uses_one_accounting_value_in_toml_and_metadata (test_benchmark_accounting.AccountingRulesTests.test_actual_config_uses_one_accounting_value_in_toml_and_metadata) ... ok
test_arm_profiles_and_alternating_pair_schedule (test_benchmark_accounting.AccountingRulesTests.test_arm_profiles_and_alternating_pair_schedule) ... ok
test_config_provenance_rejects_invalid_recorded_loopback_ports (test_benchmark_accounting.AccountingRulesTests.test_config_provenance_rejects_invalid_recorded_loopback_ports) ... ok
test_normalized_pair_config_may_differ_only_in_accounting (test_benchmark_accounting.AccountingRulesTests.test_normalized_pair_config_may_differ_only_in_accounting) ... ok
test_smoke_provenance_rejects_recomputed_known_quota_config (test_benchmark_accounting.AccountingRulesTests.test_smoke_provenance_rejects_recomputed_known_quota_config) ... ok
test_completed_generation_usage_is_linked_to_submitted_and_attempt (test_benchmark_accounting.AccountingRunValidationTests.test_completed_generation_usage_is_linked_to_submitted_and_attempt) ... ok
test_cutoff_is_recomputed_and_exact_boundary_is_included (test_benchmark_accounting.AccountingRunValidationTests.test_cutoff_is_recomputed_and_exact_boundary_is_included) ... ok
test_metadata_and_noncompleted_outcomes_need_no_usage (test_benchmark_accounting.AccountingRunValidationTests.test_metadata_and_noncompleted_outcomes_need_no_usage) ... ok
test_paired_summary_separates_fixed_cutoff_drain_and_latency (test_benchmark_accounting.AccountingRunValidationTests.test_paired_summary_separates_fixed_cutoff_drain_and_latency) ... ok
test_real_gateway_startup_cancellation_reaps_owned_child (test_benchmark_accounting.StartupCancellationTests.test_real_gateway_startup_cancellation_reaps_owned_child) ... ok
test_invalid_duplicate_after_terminal_and_missing_usage_are_explicit (test_benchmark_accounting.UsageObservationTests.test_invalid_duplicate_after_terminal_and_missing_usage_are_explicit) ... ok
test_one_numeric_usage_before_done_is_observed (test_benchmark_accounting.UsageObservationTests.test_one_numeric_usage_before_done_is_observed) ... ok
test_usage_failure_does_not_hide_completed_payload (test_benchmark_accounting.UsageObservationTests.test_usage_failure_does_not_hide_completed_payload) ... ok

----------------------------------------------------------------------
Ran 19 tests in 0.284s

OK
