{
    "phase":  "final-native-workflow-check",
    "verified_rust_source_files":  94,
    "unchanged_probe_sources":  2,
    "platform":  "Microsoft Windows NT 10.0.19045.0",
    "binaries":  [
                     {
                         "sha256":  "1f7a9be9be5ebb8429fba2c417b5555613f84261292b6a6484c32606ddfe0a66",
                         "bytes":  16377290,
                         "mode":  "default"
                     },
                     {
                         "sha256":  "a676016f5483139dc00b8b1f47ab8fe7665f895f274b45e4c3637002a81ea541",
                         "bytes":  91180246,
                         "mode":  "bpe"
                     }
                 ],
    "wrapper_sha256":  "f1769853df9b93de27e428262002eb7f92bc4dfaba617a0d1a3a927f9970fa63",
    "lifecycle_probe_sha256":  "67bdc311f597b8b8799f67837238f19b1fb9276a941619958aa5b1591d0bb376",
    "owned_processes":  [

                        ],
    "empty_failure_directories_removed":  [
                                              "retry-temp-default",
                                              "retry-temp-default-diagnostic"
                                          ],
    "remaining_runtime_temp_roots":  [

                                     ]
}
