START quota-seed1-production_rr
END quota-seed1-production_rr {"submitted": 100, "within_measurement_terminal": {"completed": 85, "cancelled": 15}, "within_measurement_completed": 85, "post_measurement_drain_outcomes": {}, "outcomes": {"completed": 85, "cancelled": 15}, "completion_ms_success_only": {"n": 85, "p50": 1, "p95": 1, "p99": 1, "max": 1}, "terminal_ms_all_outcomes": {"n": 100, "p50": 1, "p95": 1, "p99": 1, "max": 1}, "first_output_delta_ms_success_only": {"n": 0, "p50": null, "p95": null, "p99": null, "max": null}, "send_to_mock_receive_ms_mixed_ingress_queue_network": {"n": 0, "p50": null, "p95": null, "p99": null, "max": null}, "scheduling_lag_ms": {"n": 100, "p50": 0, "p95": 0, "p99": 0, "max": 0}}
START quota-seed1-production_actual
END quota-seed1-production_actual {"submitted": 100, "within_measurement_terminal": {"completed": 85, "cancelled": 15}, "within_measurement_completed": 85, "post_measurement_drain_outcomes": {}, "outcomes": {"completed": 85, "cancelled": 15}, "completion_ms_success_only": {"n": 85, "p50": 1, "p95": 1, "p99": 1, "max": 1}, "terminal_ms_all_outcomes": {"n": 100, "p50": 1, "p95": 1, "p99": 1, "max": 1}, "first_output_delta_ms_success_only": {"n": 0, "p50": null, "p95": null, "p99": null, "max": null}, "send_to_mock_receive_ms_mixed_ingress_queue_network": {"n": 0, "p50": null, "p95": null, "p99": null, "max": null}, "scheduling_lag_ms": {"n": 100, "p50": 0, "p95": 0, "p99": 0, "max": 0}}
accounting_pilot_completed
completed_accounting_matrix
[
  {
    "name": "normal_production_rr",
    "accepted": true
  },
  {
    "name": "normal_production_actual",
    "accepted": true
  },
  {
    "name": "usage_missing",
    "accepted": false,
    "exception": "ValueError",
    "message": "completed generation usage not observed"
  },
  {
    "name": "usage_changed_integer",
    "accepted": false,
    "exception": "ValueError",
    "message": "completed generation usage/attempt mismatch"
  },
  {
    "name": "usage_equal_float",
    "accepted": false,
    "exception": "ValueError",
    "message": "completed generation usage must contain u64 integers"
  },
  {
    "name": "forged_cutoff_flag",
    "accepted": false,
    "exception": "ValueError",
    "message": "within_measurement flag disagrees with cutoff"
  },
  {
    "name": "rehashed_api_path",
    "accepted": false,
    "exception": "ValueError",
    "message": "generated TOML hash mismatch"
  },
  {
    "name": "rehashed_model_bound",
    "accepted": false,
    "exception": "ValueError",
    "message": "generated TOML hash mismatch"
  },
  {
    "name": "duplicate_planned_seed",
    "accepted": false,
    "exception": "ValueError",
    "message": "duplicate planned seed"
  },
  {
    "name": "duplicate_run",
    "accepted": false,
    "exception": "ValueError",
    "message": "duplicate accounting run in paired summary"
  },
  {
    "name": "single_seed_pilot",
    "accepted": true,
    "result": {
      "status": "accounting_pilot_completed",
      "completed_pairs": 1,
      "planned_pairs": 1,
      "matrix_complete": false
    }
  },
  {
    "name": "single_seed_full_resume",
    "accepted": true
  },
  {
    "name": "resume_rehashed_float_usage",
    "accepted": false,
    "exception": "ValueError",
    "message": "completed generation usage must contain u64 integers"
  }
]
