{
  "results": [
    {
      "name": "original_builder_actual_metadata_reserved_toml",
      "rejected": true,
      "reason": "written TOML does not match generated metadata",
      "subprocess_calls": 0,
      "actual_file_accounting": "reserved",
      "gateway_started_events": [],
      "temp_removed": true
    },
    {
      "name": "runtime_fingerprint_mismatch",
      "rejected": true,
      "reason": "runtime config fingerprint mismatch",
      "pid": 26590,
      "child_reaped": true,
      "actual_file_accounting": "actual",
      "observed_accounting": "actual",
      "observed_fingerprint": "9ebbeb85d65c8dd621e0c323cfd7a2f8a36eaba45be75ca45c395f4334283632",
      "upstream_attempts": 0,
      "temp_removed": true
    }
  ],
  "execution_finished": true,
  "product_sources_edited": false
}
