^D    Finished `test` profile [unoptimized + debuginfo] target(s) in 0.07s
     Running tests/wire_contract.rs (target/debug/deps/wire_contract-2cac15ca1d93cd5d)

running 30 tests
test duplicate_data_credentials_are_rejected ... ok
test control_rejects_data_token ... ok
test empty_query_presence_is_rejected_instead_of_silently_dropped ... ok
test control_rejects_origin ... ok
test forward_auth_is_unchanged ... ok
test data_token_is_stripped ... ok
test env_auth_removes_both_old_credentials ... ok
test gzip_response_status_headers_and_compressed_bytes_are_unchanged ... ok
test body_is_unchanged ... ok
test duplicate_top_level_inspected_fields_are_rejected_before_upstream ... ok
test lossless_query_rejects_a_request_query_that_url_would_transform ... ok
test hop_by_hop_and_connection_nominated_headers_are_scrubbed_both_directions ... ok
test local_control_reports_bounded_metrics_and_stops_without_upstream ... ok
test missing_token_is_rejected_before_body_read ... ok
test public_spawn_rejects_non_loopback_before_other_startup_work ... ok
test reserved_env_auth_header_is_rejected_before_any_http_attempt ... ok
test query_conflict_is_rejected ... ok
test none_auth_strips_both_known_credentials ... ok
test start_validation_rejects_a_constructed_non_loopback_config_before_bind ... ok
test model_allowlist_and_body_limit_are_enforced_before_upstream ... ok
test many_small_chunked_frames_preserve_body_bytes ... ok
test oversized_header_is_bounded_by_the_actual_http_receiver ... ok
test models_metadata_does_not_require_a_generation_body ... ok
test prefix_is_preserved ... ok
test supported_encoded_queries_are_forwarded_without_reserialization ... ok
test unsupported_background_and_upgrade_never_reach_upstream ... ok
test unknown_route_never_reaches_upstream ... ok
test runtime_credentials_require_protected_preprovisioned_state_files ... ok
test no_cross_host_redirect ... ok
test library_retry_is_disabled_on_response_failure ... ok

test result: ok. 30 passed; 0 failed; 0 ignored; 0 measured; 0 filtered out; finished in 0.06s

