^D    Finished `test` profile [unoptimized + debuginfo] target(s) in 0.17s
     Running tests/wire_contract.rs (target/debug/deps/wire_contract-0d8c96ad6987f06f)

running 10 tests

thread 'control_rejects_data_token' panicked at tests/wire_contract.rs:147:5:
assertion `left == right` failed
  left: 501
 right: 401
note: run with `RUST_BACKTRACE=1` environment variable to display a backtrace

thread 'control_rejects_origin' panicked at tests/wire_contract.rs:157:5:
assertion `left == right` failed
  left: 501
 right: 403

thread 'prefix_is_preserved' panicked at tests/wire_contract.rs:75:5:
assertion `left == right` failed
  left: 501
 right: 200

thread 'body_is_unchanged' panicked at tests/wire_contract.rs:89:5:
assertion `left == right` failed
  left: 501
 right: 200

thread 'env_auth_removes_both_old_credentials' panicked at tests/wire_contract.rs:124:5:
assertion `left == right` failed
  left: 501
 right: 200

thread 'no_cross_host_redirect' panicked at tests/wire_contract.rs:103:5:
assertion `left == right` failed
  left: 501
 right: 302

thread 'unknown_route_never_reaches_upstream' panicked at tests/wire_contract.rs:197:9:
assertion `left == right` failed: path /r/not-configured/v1/chat/completions
  left: 501
 right: 404

thread 'query_conflict_is_rejected' panicked at tests/wire_contract.rs:183:5:
assertion `left == right` failed
  left: 501
 right: 400

thread 'forward_auth_is_unchanged' panicked at tests/wire_contract.rs:171:5:
assertion `left == right` failed
  left: 501
 right: 200

thread 'data_token_is_stripped' panicked at tests/wire_contract.rs:135:5:
assertion `left == right` failed
  left: 501
 right: 200
test control_rejects_data_token ... FAILED
test body_is_unchanged ... FAILED
test prefix_is_preserved ... FAILED
test control_rejects_origin ... FAILED
test env_auth_removes_both_old_credentials ... FAILED
test unknown_route_never_reaches_upstream ... FAILED
test query_conflict_is_rejected ... FAILED
test forward_auth_is_unchanged ... FAILED
test no_cross_host_redirect ... FAILED
test data_token_is_stripped ... FAILED

failures:

failures:
    body_is_unchanged
    control_rejects_data_token
    control_rejects_origin
    data_token_is_stripped
    env_auth_removes_both_old_credentials
    forward_auth_is_unchanged
    no_cross_host_redirect
    prefix_is_preserved
    query_conflict_is_rejected
    unknown_route_never_reaches_upstream

test result: FAILED. 0 passed; 10 failed; 0 ignored; 0 measured; 0 filtered out; finished in 0.00s

error: test failed, to rerun pass `--test wire_contract`
