^D    Finished `test` profile [unoptimized + debuginfo] target(s) in 0.09s
     Running tests/wire_contract.rs (target/debug/deps/wire_contract-0d8c96ad6987f06f)

running 18 tests
test control_rejects_origin ... ok
test missing_token_is_rejected_before_body_read ... ok
test control_rejects_data_token ... ok

thread 'duplicate_data_credentials_are_rejected' panicked at tests/wire_contract.rs:218:5:
assertion `left == right` failed
  left: 200
 right: 401
note: run with `RUST_BACKTRACE=1` environment variable to display a backtrace
test body_is_unchanged ... ok
test env_auth_removes_both_old_credentials ... ok
test data_token_is_stripped ... ok
test duplicate_data_credentials_are_rejected ... FAILED
test hop_by_hop_and_connection_nominated_headers_are_scrubbed_both_directions ... ok
test forward_auth_is_unchanged ... ok
test query_conflict_is_rejected ... ok
test models_metadata_does_not_require_a_generation_body ... ok
test model_allowlist_and_body_limit_are_enforced_before_upstream ... ok
test none_auth_strips_both_known_credentials ... ok
test unknown_route_never_reaches_upstream ... ok
test prefix_is_preserved ... ok
test unsupported_background_and_upgrade_never_reach_upstream ... ok
test library_retry_is_disabled_on_response_failure ... ok
test no_cross_host_redirect ... ok

failures:

failures:
    duplicate_data_credentials_are_rejected

test result: FAILED. 17 passed; 1 failed; 0 ignored; 0 measured; 0 filtered out; finished in 0.06s

error: test failed, to rerun pass `--test wire_contract`
