test_nonfinite_measurement_timestamps_are_rejected (tests.test_benchmark_accounting.AccountingRunValidationTests.test_nonfinite_measurement_timestamps_are_rejected) ... ok
test_persisted_initial_and_final_worker_status_match_config (tests.test_benchmark_accounting.AccountingRunValidationTests.test_persisted_initial_and_final_worker_status_match_config) ... ok
test_rehashed_runtime_status_forgery_rejects_before_next_spawn (tests.test_benchmark_accounting.AccountingCliBoundaryTests.test_rehashed_runtime_status_forgery_rejects_before_next_spawn) ... START quota-seed1-production_rr
END quota-seed1-production_rr {"submitted": 100, "within_measurement_terminal": {"completed": 100}, "within_measurement_completed": 100, "post_measurement_drain_outcomes": {}, "outcomes": {"completed": 100}, "completion_ms_success_only": {"n": 100, "p50": 1, "p95": 1, "p99": 1, "max": 1}, "terminal_ms_all_outcomes": {"n": 100, "p50": 1, "p95": 1, "p99": 1, "max": 1}, "first_output_delta_ms_success_only": {"n": 0, "p50": null, "p95": null, "p99": null, "max": null}, "send_to_mock_receive_ms_mixed_ingress_queue_network": {"n": 0, "p50": null, "p95": null, "p99": null, "max": null}, "scheduling_lag_ms": {"n": 100, "p50": 0, "p95": 0, "p99": 0, "max": 0}}
START quota-seed1-production_actual
END quota-seed1-production_actual {"submitted": 100, "within_measurement_terminal": {"completed": 100}, "within_measurement_completed": 100, "post_measurement_drain_outcomes": {}, "outcomes": {"completed": 100}, "completion_ms_success_only": {"n": 100, "p50": 1, "p95": 1, "p99": 1, "max": 1}, "terminal_ms_all_outcomes": {"n": 100, "p50": 1, "p95": 1, "p99": 1, "max": 1}, "first_output_delta_ms_success_only": {"n": 0, "p50": null, "p95": null, "p99": null, "max": null}, "send_to_mock_receive_ms_mixed_ingress_queue_network": {"n": 0, "p50": null, "p95": null, "p99": null, "max": null}, "scheduling_lag_ms": {"n": 100, "p50": 0, "p95": 0, "p99": 0, "max": 0}}
accounting_pilot_completed
START quota-seed1-production_rr
END quota-seed1-production_rr {"submitted": 100, "within_measurement_terminal": {"completed": 100}, "within_measurement_completed": 100, "post_measurement_drain_outcomes": {}, "outcomes": {"completed": 100}, "completion_ms_success_only": {"n": 100, "p50": 1, "p95": 1, "p99": 1, "max": 1}, "terminal_ms_all_outcomes": {"n": 100, "p50": 1, "p95": 1, "p99": 1, "max": 1}, "first_output_delta_ms_success_only": {"n": 0, "p50": null, "p95": null, "p99": null, "max": null}, "send_to_mock_receive_ms_mixed_ingress_queue_network": {"n": 0, "p50": null, "p95": null, "p99": null, "max": null}, "scheduling_lag_ms": {"n": 100, "p50": 0, "p95": 0, "p99": 0, "max": 0}}
START quota-seed1-production_actual
END quota-seed1-production_actual {"submitted": 100, "within_measurement_terminal": {"completed": 100}, "within_measurement_completed": 100, "post_measurement_drain_outcomes": {}, "outcomes": {"completed": 100}, "completion_ms_success_only": {"n": 100, "p50": 1, "p95": 1, "p99": 1, "max": 1}, "terminal_ms_all_outcomes": {"n": 100, "p50": 1, "p95": 1, "p99": 1, "max": 1}, "first_output_delta_ms_success_only": {"n": 0, "p50": null, "p95": null, "p99": null, "max": null}, "send_to_mock_receive_ms_mixed_ingress_queue_network": {"n": 0, "p50": null, "p95": null, "p99": null, "max": null}, "scheduling_lag_ms": {"n": 100, "p50": 0, "p95": 0, "p99": 0, "max": 0}}
accounting_pilot_completed
START quota-seed1-production_rr
END quota-seed1-production_rr {"submitted": 100, "within_measurement_terminal": {"completed": 100}, "within_measurement_completed": 100, "post_measurement_drain_outcomes": {}, "outcomes": {"completed": 100}, "completion_ms_success_only": {"n": 100, "p50": 1, "p95": 1, "p99": 1, "max": 1}, "terminal_ms_all_outcomes": {"n": 100, "p50": 1, "p95": 1, "p99": 1, "max": 1}, "first_output_delta_ms_success_only": {"n": 0, "p50": null, "p95": null, "p99": null, "max": null}, "send_to_mock_receive_ms_mixed_ingress_queue_network": {"n": 0, "p50": null, "p95": null, "p99": null, "max": null}, "scheduling_lag_ms": {"n": 100, "p50": 0, "p95": 0, "p99": 0, "max": 0}}
START quota-seed1-production_actual
END quota-seed1-production_actual {"submitted": 100, "within_measurement_terminal": {"completed": 100}, "within_measurement_completed": 100, "post_measurement_drain_outcomes": {}, "outcomes": {"completed": 100}, "completion_ms_success_only": {"n": 100, "p50": 1, "p95": 1, "p99": 1, "max": 1}, "terminal_ms_all_outcomes": {"n": 100, "p50": 1, "p95": 1, "p99": 1, "max": 1}, "first_output_delta_ms_success_only": {"n": 0, "p50": null, "p95": null, "p99": null, "max": null}, "send_to_mock_receive_ms_mixed_ingress_queue_network": {"n": 0, "p50": null, "p95": null, "p99": null, "max": null}, "scheduling_lag_ms": {"n": 100, "p50": 0, "p95": 0, "p99": 0, "max": 0}}
accounting_pilot_completed
START quota-seed1-production_rr
END quota-seed1-production_rr {"submitted": 100, "within_measurement_terminal": {"completed": 100}, "within_measurement_completed": 100, "post_measurement_drain_outcomes": {}, "outcomes": {"completed": 100}, "completion_ms_success_only": {"n": 100, "p50": 1, "p95": 1, "p99": 1, "max": 1}, "terminal_ms_all_outcomes": {"n": 100, "p50": 1, "p95": 1, "p99": 1, "max": 1}, "first_output_delta_ms_success_only": {"n": 0, "p50": null, "p95": null, "p99": null, "max": null}, "send_to_mock_receive_ms_mixed_ingress_queue_network": {"n": 0, "p50": null, "p95": null, "p99": null, "max": null}, "scheduling_lag_ms": {"n": 100, "p50": 0, "p95": 0, "p99": 0, "max": 0}}
START quota-seed1-production_actual
END quota-seed1-production_actual {"submitted": 100, "within_measurement_terminal": {"completed": 100}, "within_measurement_completed": 100, "post_measurement_drain_outcomes": {}, "outcomes": {"completed": 100}, "completion_ms_success_only": {"n": 100, "p50": 1, "p95": 1, "p99": 1, "max": 1}, "terminal_ms_all_outcomes": {"n": 100, "p50": 1, "p95": 1, "p99": 1, "max": 1}, "first_output_delta_ms_success_only": {"n": 0, "p50": null, "p95": null, "p99": null, "max": null}, "send_to_mock_receive_ms_mixed_ingress_queue_network": {"n": 0, "p50": null, "p95": null, "p99": null, "max": null}, "scheduling_lag_ms": {"n": 100, "p50": 0, "p95": 0, "p99": 0, "max": 0}}
accounting_pilot_completed
ok

----------------------------------------------------------------------
Ran 3 tests in 0.256s

OK
