{
  "binary_sha256": "cc15eb4172148a681faba2d4e2932e94a4853fc303de61d234b7a016c05b6a90",
  "client_config_written": false,
  "client_existed_before_confirmation": false,
  "client_journal_state": "not_connected",
  "config_sha256_after_result": "ce378c585fc68955719b54f12eb76c5f6e5f8266419ccb82eb4605f3e7413c9e",
  "config_sha256_before_confirmation": "ce378c585fc68955719b54f12eb76c5f6e5f8266419ccb82eb4605f3e7413c9e",
  "confirmation_observed": true,
  "desired_fingerprint_ready_before_result": false,
  "environment_keys": [
    "HOME",
    "LANG",
    "LC_ALL",
    "NO_COLOR",
    "PATH",
    "PI_CODING_AGENT_DIR",
    "TERM",
    "TMPDIR",
    "USERPROFILE",
    "XDG_CACHE_HOME",
    "XDG_CONFIG_HOME",
    "XDG_DATA_HOME"
  ],
  "owned_temporary_paths_remaining": [],
  "reported_client_applied": false,
  "reviewed_runtime_fingerprint": "ce378c585fc68955719b54f12eb76c5f6e5f8266419ccb82eb4605f3e7413c9e",
  "safe_result": true,
  "setup_exit": 1,
  "state_after_off_before_yes": "stopped",
  "stop_during_confirmation": true,
  "synthetic_version_only_client": true,
  "upstream_inference_requested": false,
  "worker_state_after_confirmation": "stopped"
}
