{
  "binary_sha256": "7dbc4826277eb35d7ddc87919ca54343775d2dae159b34320bb678e6914cbd40",
  "client_config_written": false,
  "client_existed_before_confirmation": false,
  "client_journal_state": "not_connected",
  "config_sha256_after_result": "73269c34984da66af669674940664d1b78bdcca55decf00931bccd8f8a68d3e6",
  "config_sha256_before_confirmation": "73269c34984da66af669674940664d1b78bdcca55decf00931bccd8f8a68d3e6",
  "confirmation_observed": true,
  "desired_fingerprint_ready_before_result": false,
  "environment_keys": [
    "HOME",
    "LANG",
    "LC_ALL",
    "NO_COLOR",
    "PATH",
    "PI_CODING_AGENT_DIR",
    "TERM",
    "TMPDIR",
    "USERPROFILE",
    "XDG_CACHE_HOME",
    "XDG_CONFIG_HOME",
    "XDG_DATA_HOME"
  ],
  "owned_temporary_paths_remaining": [],
  "reported_client_applied": false,
  "reviewed_runtime_fingerprint": "73269c34984da66af669674940664d1b78bdcca55decf00931bccd8f8a68d3e6",
  "safe_result": true,
  "setup_exit": 1,
  "state_after_off_before_yes": "stopped",
  "synthetic_version_only_client": true,
  "upstream_inference_requested": false,
  "worker_state_after_confirmation": "stopped"
}
